Loading weights:   0%|          | 0/297 [00:00<?, ?it/s]Loading weights: 100%|██████████| 297/297 [00:00<00:00, 5005.68it/s]
2595 elements, 200 bp padded to 256, pooling 28:228 on cuda:0
[transformers] `use_return_dict` is deprecated! Use `return_dict` instead!
  0/2595
  200/2595
  400/2595
  600/2595
  800/2595
  1000/2595
  1200/2595
  1400/2595
  1600/2595
  1800/2595
  2000/2595
  2200/2595
  2400/2595

InstaDeepAI/NTv3_650M_pre  pooling mean  n=2595
1-2-3 k-mer counts: +0.4560

layer   Spearman   vs k-mers
    0   +0.5533   +0.0973
    1   +0.5655   +0.1094
    2   +0.5607   +0.1047
    3   +0.3425   -0.1135
Traceback (most recent call last):
  File "/workspace/evalingevo/ntv3_sweep.py", line 109, in <module>
    main()
  File "/workspace/evalingevo/ntv3_sweep.py", line 100, in main
    rho = spearmanr(out_of_fold(X, y, g, args.folds), y).statistic
                    ^^^^^^^^^^^^^^^^^^^^^^^^^^^^^^^^
  File "/workspace/evalingevo/evo_probe.py", line 139, in out_of_fold
    raise ValueError("features contain NaN or infinity")
ValueError: features contain NaN or infinity
